Microchip MPLAB XC8 Compiler V2.45

Linker command line:

-W-3 \
  --edf=C:\Program Files\Microchip\xc8\v2.45\pic\dat\20230818022343_en.msgs \
  -cn -h+dist/default/debug\code.debug.sym \
  --cmf=dist/default/debug\code.debug.cmf -z -Q18F25K80 \
  -oC:\Users\e2036958\AppData\Local\Temp\xcAsmas.\driver_tmp_3.o \
  --defsym=__MPLAB_BUILD=1 --fixupoverflow=error \
  -Mdist/default/debug/code.debug.map \
  --md=C:\Users\e2036958\AppData\Local\Temp\xcAsmas.\driver_tmp_0.dat -E1 \
  -ver=XC8 Compiler --acfsm=1493 -ACODE=00h-07FFFh -ACONST=00h-07FFFh \
  -ASMALLCONST=0F00h-0FFFhx113 -AMEDIUMCONST=0F00h-07FFFh -ACOMRAM=01h-05Fh \
  -AABS1=00h-0E40h -ABIGRAM=01h-0E40h \
  -ARAM=060h-0FFh,0100h-01FFhx13,0E00h-0E40h -ABANK0=060h-0FFh \
  -ABANK1=0100h-01FFh -ABANK2=0200h-02FFh -ABANK3=0300h-03FFh \
  -ABANK4=0400h-04FFh -ABANK5=0500h-05FFh -ABANK6=0600h-06FFh \
  -ABANK7=0700h-07FFh -ABANK8=0800h-08FFh -ABANK9=0900h-09FFh \
  -ABANK10=0A00h-0AFFh -ABANK11=0B00h-0BFFh -ABANK12=0C00h-0CFFh \
  -ABANK13=0D00h-0DFFh -ABANK14=0E00h-0E40h \
  -ASFR=0E41h-0EFFh,0F00h-0F5Fh,0F60h-0FFFh -ABIGSFR=0E41h-0FFFh \
  -ACONFIG=0300000h-030000Dh -AIDLOC=0200000h-0200007h \
  -AEEDATA=0F00000h-0F003FFh -peeprom_data=EEDATA \
  -preset_vec=00h,intcode,intcodelo,powerup,init -pramtop=0F00h \
  -psmallconst=SMALLCONST -pmediumconst=MEDIUMCONST -pconst=CONST \
  -AFARRAM=00h-00h \
  -prdata=COMRAM,nvrram=COMRAM,nvbit=COMRAM,rbss=COMRAM,rbit=COMRAM \
  -pfarbss=FARRAM,fardata=FARRAM,nvFARRAM=FARRAM \
  -pintsave_regs=BIGRAM,bigbss=BIGRAM,bigdata=BIGRAM -pbss=RAM \
  -pidata=CODE,irdata=CODE,ibigdata=CODE,ifardata=CODE -prparam=COMRAM \
  C:\Users\e2036958\AppData\Local\Temp\xcAsmas.\driver_tmp_9.o \
  dist/default/debug\code.debug.o 

Object code version is 3.11

Machine type is 18F25K80



                Name                               Link     Load   Length Selector   Space Scale
C:\Users\e2036958\AppData\Local\Temp\xcAsmas.\driver_tmp_9.o
                idloc                            200000   200000        8        0       5
                config                           300000   300000        E        0       4
                init                                  0        0        4        0       0
dist/default/debug\code.debug.o
                idloc                            200000   200000        8        0       5
                config                           300000   300000        E        0       4
                smallconst                          F00      F00       22      780       0
                text53                             178E     178E        4      791       0
                text52                             178A     178A        4      791       0
                text51                             1786     1786        4      791       0
                text50                             158C     158C       2C      791       0
                text49                             1782     1782        4      791       0
                text48                             177E     177E        4      791       0
                text47                             177A     177A        4      791       0
                text46                             15E0     15E0       24      791       0
                text45                             13B2     13B2       66      791       0
                text44                             165C     165C       18      791       0
                text43                             1560     1560       2C      791       0
                text42                             1534     1534       2C      791       0
                text41                             1508     1508       2C      791       0
                text40                             14DC     14DC       2C      791       0
                text39                             145C     145C       42      791       0
                text38                             1776     1776        4      791       0
                text37                             1772     1772        4      791       0
                text36                             176E     176E        4      791       0
                text35                             1760     1760        6      791       0
                text34                             176A     176A        4      791       0
                text33                             175A     175A        6      791       0
                text32                             1752     1752        8      791       0
                text31                             1674     1674       14      791       0
                text30                             1766     1766        4      791       0
                text29                             1262     1262       7E      791       0
                text28                             16F0     16F0        C      791       0
                text27                             16BA     16BA       10      791       0
                text26                             16AA     16AA       10      791       0
                text25                             1064     1064       C8      791       0
                text24                             112C     112C       A8      791       0
                text23                             16E4     16E4        C      791       0
                text22                             174A     174A        8      791       0
                text21                             1742     1742        8      791       0
                text20                             173A     173A        8      791       0
                text19                             1732     1732        8      791       0
                text18                             172A     172A        8      791       0
                text17                             1722     1722        8      791       0
                text16                             171A     171A        8      791       0
                text15                             16D8     16D8        C      791       0
                text14                             12E0     12E0       6C      791       0
                text13                             134C     134C       66      791       0
                text12                             169A     169A       10      791       0
                text11                             1626     1626       1E      791       0
                text10                             1418     1418       44      791       0
                text9                              1604     1604       22      791       0
                text8                              11D4     11D4       8E      791       0
                text7                              1710     1710        A      791       0
                text6                              1706     1706        A      791       0
                text5                              16FC     16FC        A      791       0
                text4                              149E     149E       3E      791       0
                text3                              1688     1688       12      791       0
                text2                              15B8     15B8       28      791       0
                text1                              16CA     16CA        E      791       0
                text0                               F22      F22      142      791       0
                cstackCOMRAM                          1        1       4F        1       1
                bssBANK0                             60       60       24       60       1
                bssCOMRAM                            56       56        1        1       1
                cinit                              1644     1644       18      791       0
                nvCOMRAM                             50       50        6        1       1

TOTAL           Name                               Link     Load   Length     Space
        CLASS   CODE           
                init                                  0        0        4         0
                text53                             178E     178E        4         0
                text52                             178A     178A        4         0
                text51                             1786     1786        4         0
                text50                             158C     158C       2C         0
                text49                             1782     1782        4         0
                text48                             177E     177E        4         0
                text47                             177A     177A        4         0
                text46                             15E0     15E0       24         0
                text45                             13B2     13B2       66         0
                text44                             165C     165C       18         0
                text43                             1560     1560       2C         0
                text42                             1534     1534       2C         0
                text41                             1508     1508       2C         0
                text40                             14DC     14DC       2C         0
                text39                             145C     145C       42         0
                text38                             1776     1776        4         0
                text37                             1772     1772        4         0
                text36                             176E     176E        4         0
                text35                             1760     1760        6         0
                text34                             176A     176A        4         0
                text33                             175A     175A        6         0
                text32                             1752     1752        8         0
                text31                             1674     1674       14         0
                text30                             1766     1766        4         0
                text29                             1262     1262       7E         0
                text28                             16F0     16F0        C         0
                text27                             16BA     16BA       10         0
                text26                             16AA     16AA       10         0
                text25                             1064     1064       C8         0
                text24                             112C     112C       A8         0
                text23                             16E4     16E4        C         0
                text22                             174A     174A        8         0
                text21                             1742     1742        8         0
                text20                             173A     173A        8         0
                text19                             1732     1732        8         0
                text18                             172A     172A        8         0
                text17                             1722     1722        8         0
                text16                             171A     171A        8         0
                text15                             16D8     16D8        C         0
                text14                             12E0     12E0       6C         0
                text13                             134C     134C       66         0
                text12                             169A     169A       10         0
                text11                             1626     1626       1E         0
                text10                             1418     1418       44         0
                text9                              1604     1604       22         0
                text8                              11D4     11D4       8E         0
                text7                              1710     1710        A         0
                text6                              1706     1706        A         0
                text5                              16FC     16FC        A         0
                text4                              149E     149E       3E         0
                text3                              1688     1688       12         0
                text2                              15B8     15B8       28         0
                text1                              16CA     16CA        E         0
                text0                               F22      F22      142         0
                cinit                              1644     1644       18         0

        CLASS   CONST          

        CLASS   SMALLCONST     
                smallconst                          F00      F00       22         0

        CLASS   MEDIUMCONST    

        CLASS   COMRAM         
                cstackCOMRAM                          1        1       4F         1
                bssCOMRAM                            56       56        1         1
                nvCOMRAM                             50       50        6         1

        CLASS   ABS1           

        CLASS   BIGRAM         

        CLASS   RAM            

        CLASS   BANK0          
                bssBANK0                             60       60       24         1

        CLASS   BANK1          

        CLASS   BANK2          

        CLASS   BANK3          

        CLASS   BANK4          

        CLASS   BANK5          

        CLASS   BANK6          

        CLASS   BANK7          

        CLASS   BANK8          

        CLASS   BANK9          

        CLASS   BANK10         

        CLASS   BANK11         

        CLASS   BANK12         

        CLASS   BANK13         

        CLASS   BANK14         

        CLASS   SFR            

        CLASS   BIGSFR         

        CLASS   CONFIG         
                config                           300000   300000        E         4

        CLASS   IDLOC          
                idloc                            200000   200000        8         5

        CLASS   EEDATA         

        CLASS   FARRAM         

        CLASS   HEAP           

        CLASS   STACK          



SEGMENTS        Name                           Load    Length   Top    Selector   Space  Class

                reset_vec                      000000  000004  000004         0       0  CODE    
                cstackCOMRAM                   000001  000056  000057         1       1  COMRAM  
                bssBANK0                       000060  000024  000084        60       1  BANK0   
                smallconst                     000F00  000022  000F22       780       0  SMALLCON
                text0                          000F22  000870  001792       791       0  CODE    


UNUSED ADDRESS RANGES

        Name                Unused          Largest block    Delta
        BANK0            000084-0000FF               7C
        BANK1            000100-0001FF              100
        BANK10           000A00-000AFF              100
        BANK11           000B00-000BFF              100
        BANK12           000C00-000CFF              100
        BANK13           000D00-000DFF              100
        BANK14           000E00-000E40               41
        BANK2            000200-0002FF              100
        BANK3            000300-0003FF              100
        BANK4            000400-0004FF              100
        BANK5            000500-0005FF              100
        BANK6            000600-0006FF              100
        BANK7            000700-0007FF              100
        BANK8            000800-0008FF              100
        BANK9            000900-0009FF              100
        BIGRAM           000057-00005F                9
                         000084-000E40              DBD
        BIGSFR           000E41-000FFF              1BF
        CODE             000004-000EFF              EFC
                         001792-007FFF             686E
        COMRAM           000057-00005F                9
        CONST            000004-000EFF              EFC
                         001792-007FFF             686E
        EEDATA           F00000-F003FF              400
        MEDIUMCONST      001792-007FFF             686E
        RAM              000084-000E40              100
        SFR              000E41-000FFF               BF
        SMALLCONST       001792-007FFF              100

                                  Symbol Table

EUSART1_SetErrorHandler@interruptHandler        cstackCOMRAM 000001
EUSART1_SetFramingErrorHandler@interruptHandler cstackCOMRAM 000001
EUSART1_SetOverrunErrorHandler@interruptHandler cstackCOMRAM 000001
I2C_CallbackReturnReset@funPtr                  cstackCOMRAM 00000A
I2C_Close@returnValue                           cstackCOMRAM 000001
I2C_MasterOperation@read                        cstackCOMRAM 000010
I2C_MasterOperation@returnValue                 cstackCOMRAM 000011
I2C_MasterSendTxData@data                       cstackCOMRAM 000001
I2C_Open@address                                cstackCOMRAM 000001
I2C_Open@returnValue                            cstackCOMRAM 000002
I2C_SetBuffer@buffer                            cstackCOMRAM 000001
I2C_SetBuffer@bufferSize                        cstackCOMRAM 000003
I2C_SetCallback@cb                              cstackCOMRAM 000001
I2C_SetCallback@idx                             cstackCOMRAM 000005
I2C_SetCallback@ptr                             cstackCOMRAM 000003
I2C_SetDataCompleteCallback@cb                  cstackCOMRAM 000006
I2C_SetDataCompleteCallback@ptr                 cstackCOMRAM 000008
_ANCON0                                         (abs)        000F5D
_ANCON1                                         (abs)        000F5C
_BAUDCON1                                       (abs)        000FA7
_EUSART1_DefaultErrorHandler                    (abs)        000000
_EUSART1_DefaultFramingErrorHandler             (abs)        000000
_EUSART1_DefaultOverrunErrorHandler             (abs)        000000
_EUSART1_ErrorHandler                           nvCOMRAM     000050
_EUSART1_FramingErrorHandler                    nvCOMRAM     000054
_EUSART1_Initialize                             text4        00149E
_EUSART1_OverrunErrorHandler                    nvCOMRAM     000052
_EUSART1_SetErrorHandler                        text7        001710
_EUSART1_SetFramingErrorHandler                 text6        001706
_EUSART1_SetOverrunErrorHandler                 text5        0016FC
_I2C_CallbackReturnReset                        text37       001772
_I2C_CallbackReturnStop                         text38       001776
_I2C_Close                                      text50       00158C
_I2C_DO_ADDRESS_NACK                            text14       0012E0
_I2C_DO_IDLE                                    text28       0016F0
_I2C_DO_RCEN                                    text23       0016E4
_I2C_DO_RESET                                   text15       0016D8
_I2C_DO_RX                                      text24       00112C
_I2C_DO_RX_ACK                                  text18       00172A
_I2C_DO_RX_NACK_RESTART                         text16       00171A
_I2C_DO_RX_NACK_STOP                            text17       001722
_I2C_DO_SEND_ADR_READ                           text27       0016BA
_I2C_DO_SEND_ADR_WRITE                          text26       0016AA
_I2C_DO_SEND_RESTART                            text20       00173A
_I2C_DO_SEND_RESTART_READ                       text22       00174A
_I2C_DO_SEND_RESTART_WRITE                      text21       001742
_I2C_DO_SEND_STOP                               text19       001732
_I2C_DO_TX                                      text25       001064
_I2C_DO_TX_EMPTY                                text29       001262
_I2C_MasterClearIrq                             text53       00178E
_I2C_MasterClose                                text52       00178A
_I2C_MasterDisableIrq                           text51       001786
_I2C_MasterEnableRestart                        text48       00177E
_I2C_MasterFsm                                  text13       00134C
_I2C_MasterGetRxData                            text34       00176A
_I2C_MasterIsNack                               text31       001674
_I2C_MasterOpen                                 text9        001604
_I2C_MasterOperation                            text10       001418
_I2C_MasterSendAck                              text33       00175A
_I2C_MasterSendNack                             text35       001760
_I2C_MasterSendTxData                           text32       001752
_I2C_MasterSetIrq                               text30       001766
_I2C_MasterStart                                text49       001782
_I2C_MasterStartRx                              text36       00176E
_I2C_MasterStop                                 text47       00177A
_I2C_MasterWaitForEvent                         text12       00169A
_I2C_Open                                       text8        0011D4
_I2C_Poller                                     text11       001626
_I2C_SetBuffer                                  text46       0015E0
_I2C_SetCallback                                text45       0013B2
_I2C_SetDataCompleteCallback                    text44       00165C
_I2C_Status                                     bssBANK0     000060
_INTCON2bits                                    (abs)        000FF1
_INTCONbits                                     (abs)        000FF2
_LATA                                           (abs)        000F89
_LATB                                           (abs)        000F8A
_LATC                                           (abs)        000F8B
_OSCCON                                         (abs)        000FD3
_OSCCON2                                        (abs)        000FD2
_OSCILLATOR_Initialize                          text3        001688
_OSCTUNE                                        (abs)        000F9B
_PIE1bits                                       (abs)        000F9D
_PIN_MANAGER_Initialize                         text2        0015B8
_PIR1bits                                       (abs)        000F9E
_PIR2bits                                       (abs)        000FA1
_RCREG1                                         (abs)        000FAE
_RCSTA1                                         (abs)        000FAB
_RCSTA1bits                                     (abs)        000FAB
_REFOCON                                        (abs)        000F9A
_SPBRG1                                         (abs)        000FAF
_SPBRGH1                                        (abs)        000F7D
_SSPADD                                         (abs)        000FC8
_SSPBUF                                         (abs)        000FC9
_SSPCON1                                        (abs)        000FC6
_SSPCON1bits                                    (abs)        000FC6
_SSPCON2                                        (abs)        000FC5
_SSPCON2bits                                    (abs)        000FC5
_SSPSTAT                                        (abs)        000FC7
_SSPSTATbits                                    (abs)        000FC7
_SYSTEM_Initialize                              text1        0016CA
_TRISA                                          (abs)        000F92
_TRISB                                          (abs)        000F93
_TRISC                                          (abs)        000F94
_TXREG1                                         (abs)        000FAD
_TXSTA1                                         (abs)        000FAC
_TXSTA1bits                                     (abs)        000FAC
_WPUB                                           (abs)        000F5B
__HRAM                                          (abs)        000000
__H__absolute__                                 __absolute__ 000000
__Habs1                                         abs1         000000
__Hbank0                                        bank0        000000
__Hbank1                                        bank1        000000
__Hbank10                                       bank10       000000
__Hbank11                                       bank11       000000
__Hbank12                                       bank12       000000
__Hbank13                                       bank13       000000
__Hbank14                                       bank14       000000
__Hbank2                                        bank2        000000
__Hbank3                                        bank3        000000
__Hbank4                                        bank4        000000
__Hbank5                                        bank5        000000
__Hbank6                                        bank6        000000
__Hbank7                                        bank7        000000
__Hbank8                                        bank8        000000
__Hbank9                                        bank9        000000
__Hbigbss                                       bigbss       000000
__Hbigdata                                      bigdata      000000
__Hbigram                                       bigram       000000
__Hbigsfr                                       bigsfr       000000
__Hbss                                          bss          000000
__HbssBANK0                                     bssBANK0     000000
__HbssCOMRAM                                    bssCOMRAM    000000
__Hcinit                                        cinit        000000
__Hclrtext                                      clrtext      000000
__Hcomram                                       comram       000000
__Hconfig                                       config       30000E
__Hconst                                        const        000000
__HcstackCOMRAM                                 cstackCOMRAM 000000
__Hdata                                         data         000000
__Heeprom_data                                  eeprom_data  000000
__Hfarbss                                       farbss       000000
__Hfardata                                      fardata      000000
__Hheap                                         heap         000000
__Hibigdata                                     ibigdata     000000
__Hidata                                        idata        000000
__Hidloc                                        idloc        200008
__Hifardata                                     ifardata     000000
__Hinit                                         init         000004
__Hintcode                                      intcode      000000
__Hintcode_body                                 intcode_body 000000
__Hintcodelo                                    intcodelo    000000
__Hintentry                                     intentry     000000
__Hintret                                       intret       000000
__Hintsave_regs                                 intsave_regs 000000
__Hirdata                                       irdata       000000
__Hmediumconst                                  mediumconst  000000
__HnvCOMRAM                                     nvCOMRAM     000000
__HnvFARRAM                                     nvFARRAM     000000
__Hnvbit                                        nvbit        000000
__Hnvrram                                       nvrram       000000
__Hparam                                        rparam       000000
__Hpowerup                                      powerup      000000
__Hram                                          ram          000000
__Hramtop                                       ramtop       000F00
__Hrbit                                         rbit         000000
__Hrbss                                         rbss         000000
__Hrdata                                        rdata        000000
__Hreset_vec                                    reset_vec    000000
__Hrparam                                       rparam       000000
__Hsfr                                          sfr          000000
__Hsmallconst                                   smallconst   000F22
__Hspace_0                                      (abs)        001792
__Hspace_1                                      (abs)        000084
__Hspace_2                                      (abs)        000000
__Hspace_4                                      (abs)        60000E
__Hstack                                        stack        000000
__Hstruct                                       struct       000000
__Htemp                                         temp         000000
__Htext                                         text         000000
__Htext0                                        text0        000000
__Htext1                                        text1        000000
__Htext10                                       text10       000000
__Htext11                                       text11       000000
__Htext12                                       text12       000000
__Htext13                                       text13       000000
__Htext14                                       text14       000000
__Htext15                                       text15       000000
__Htext16                                       text16       000000
__Htext17                                       text17       000000
__Htext18                                       text18       000000
__Htext19                                       text19       000000
__Htext2                                        text2        000000
__Htext20                                       text20       000000
__Htext21                                       text21       000000
__Htext22                                       text22       000000
__Htext23                                       text23       000000
__Htext24                                       text24       000000
__Htext25                                       text25       000000
__Htext26                                       text26       000000
__Htext27                                       text27       000000
__Htext28                                       text28       000000
__Htext29                                       text29       000000
__Htext3                                        text3        000000
__Htext30                                       text30       000000
__Htext31                                       text31       000000
__Htext32                                       text32       000000
__Htext33                                       text33       000000
__Htext34                                       text34       000000
__Htext35                                       text35       000000
__Htext36                                       text36       000000
__Htext37                                       text37       000000
__Htext38                                       text38       000000
__Htext39                                       text39       000000
__Htext4                                        text4        000000
__Htext40                                       text40       000000
__Htext41                                       text41       000000
__Htext42                                       text42       000000
__Htext43                                       text43       000000
__Htext44                                       text44       000000
__Htext45                                       text45       000000
__Htext46                                       text46       000000
__Htext47                                       text47       000000
__Htext48                                       text48       000000
__Htext49                                       text49       000000
__Htext5                                        text5        000000
__Htext50                                       text50       000000
__Htext51                                       text51       000000
__Htext52                                       text52       000000
__Htext53                                       text53       000000
__Htext54                                       text54       000000
__Htext6                                        text6        000000
__Htext7                                        text7        000000
__Htext8                                        text8        000000
__Htext9                                        text9        000000
__LRAM                                          (abs)        000001
__L__absolute__                                 __absolute__ 000000
__Labs1                                         abs1         000000
__Lbank0                                        bank0        000000
__Lbank1                                        bank1        000000
__Lbank10                                       bank10       000000
__Lbank11                                       bank11       000000
__Lbank12                                       bank12       000000
__Lbank13                                       bank13       000000
__Lbank14                                       bank14       000000
__Lbank2                                        bank2        000000
__Lbank3                                        bank3        000000
__Lbank4                                        bank4        000000
__Lbank5                                        bank5        000000
__Lbank6                                        bank6        000000
__Lbank7                                        bank7        000000
__Lbank8                                        bank8        000000
__Lbank9                                        bank9        000000
__Lbigbss                                       bigbss       000000
__Lbigdata                                      bigdata      000000
__Lbigram                                       bigram       000000
__Lbigsfr                                       bigsfr       000000
__Lbss                                          bss          000000
__LbssBANK0                                     bssBANK0     000000
__LbssCOMRAM                                    bssCOMRAM    000000
__Lcinit                                        cinit        000000
__Lclrtext                                      clrtext      000000
__Lcomram                                       comram       000000
__Lconfig                                       config       000000
__Lconst                                        const        000000
__LcstackCOMRAM                                 cstackCOMRAM 000000
__Ldata                                         data         000000
__Leeprom_data                                  eeprom_data  000000
__Lfarbss                                       farbss       000000
__Lfardata                                      fardata      000000
__Lheap                                         heap         000000
__Libigdata                                     ibigdata     000000
__Lidata                                        idata        000000
__Lidloc                                        idloc        000000
__Lifardata                                     ifardata     000000
__Linit                                         init         000000
__Lintcode                                      intcode      000000
__Lintcode_body                                 intcode_body 000000
__Lintcodelo                                    intcodelo    000000
__Lintentry                                     intentry     000000
__Lintret                                       intret       000000
__Lintsave_regs                                 intsave_regs 000000
__Lirdata                                       irdata       000000
__Lmediumconst                                  mediumconst  000000
__LnvCOMRAM                                     nvCOMRAM     000000
__LnvFARRAM                                     nvFARRAM     000000
__Lnvbit                                        nvbit        000000
__Lnvrram                                       nvrram       000000
__Lparam                                        rparam       000000
__Lpowerup                                      powerup      000000
__Lram                                          ram          000000
__Lramtop                                       ramtop       000F00
__Lrbit                                         rbit         000000
__Lrbss                                         rbss         000000
__Lrdata                                        rdata        000000
__Lreset_vec                                    reset_vec    000000
__Lrparam                                       rparam       000000
__Lsfr                                          sfr          000000
__Lsmallconst                                   smallconst   000F00
__Lspace_0                                      (abs)        000000
__Lspace_1                                      (abs)        000000
__Lspace_2                                      (abs)        000000
__Lspace_4                                      (abs)        000000
__Lstack                                        stack        000000
__Lstruct                                       struct       000000
__Ltemp                                         temp         000000
__Ltext                                         text         000000
__Ltext0                                        text0        000000
__Ltext1                                        text1        000000
__Ltext10                                       text10       000000
__Ltext11                                       text11       000000
__Ltext12                                       text12       000000
__Ltext13                                       text13       000000
__Ltext14                                       text14       000000
__Ltext15                                       text15       000000
__Ltext16                                       text16       000000
__Ltext17                                       text17       000000
__Ltext18                                       text18       000000
__Ltext19                                       text19       000000
__Ltext2                                        text2        000000
__Ltext20                                       text20       000000
__Ltext21                                       text21       000000
__Ltext22                                       text22       000000
__Ltext23                                       text23       000000
__Ltext24                                       text24       000000
__Ltext25                                       text25       000000
__Ltext26                                       text26       000000
__Ltext27                                       text27       000000
__Ltext28                                       text28       000000
__Ltext29                                       text29       000000
__Ltext3                                        text3        000000
__Ltext30                                       text30       000000
__Ltext31                                       text31       000000
__Ltext32                                       text32       000000
__Ltext33                                       text33       000000
__Ltext34                                       text34       000000
__Ltext35                                       text35       000000
__Ltext36                                       text36       000000
__Ltext37                                       text37       000000
__Ltext38                                       text38       000000
__Ltext39                                       text39       000000
__Ltext4                                        text4        000000
__Ltext40                                       text40       000000
__Ltext41                                       text41       000000
__Ltext42                                       text42       000000
__Ltext43                                       text43       000000
__Ltext44                                       text44       000000
__Ltext45                                       text45       000000
__Ltext46                                       text46       000000
__Ltext47                                       text47       000000
__Ltext48                                       text48       000000
__Ltext49                                       text49       000000
__Ltext5                                        text5        000000
__Ltext50                                       text50       000000
__Ltext51                                       text51       000000
__Ltext52                                       text52       000000
__Ltext53                                       text53       000000
__Ltext54                                       text54       000000
__Ltext6                                        text6        000000
__Ltext7                                        text7        000000
__Ltext8                                        text8        000000
__Ltext9                                        text9        000000
__S0                                            (abs)        001792
__S1                                            (abs)        000084
__S4                                            (abs)        000000
__S5                                            (abs)        000000
___heap_hi                                      (abs)        000000
___heap_lo                                      (abs)        000000
___inthi_sp                                     stack        000000
___inthi_stack_hi                               stack        000000
___inthi_stack_lo                               stack        000000
___intlo_sp                                     stack        000000
___intlo_stack_hi                               stack        000000
___intlo_stack_lo                               stack        000000
___param_bank                                   (abs)        000000
___rparam_used                                  (abs)        000001
___sp                                           stack        000000
___stack_hi                                     stack        000000
___stack_lo                                     stack        000000
__accesstop                                     (abs)        000060
__activetblptr                                  (abs)        000002
__end_of_EUSART1_Initialize                     text4        0014DC
__end_of_EUSART1_SetErrorHandler                text7        00171A
__end_of_EUSART1_SetFramingErrorHandler         text6        001710
__end_of_EUSART1_SetOverrunErrorHandler         text5        001706
__end_of_I2C_CallbackReturnReset                text37       001776
__end_of_I2C_CallbackReturnStop                 text38       00177A
__end_of_I2C_Close                              text50       0015B8
__end_of_I2C_DO_ADDRESS_NACK                    text14       00134C
__end_of_I2C_DO_IDLE                            text28       0016FC
__end_of_I2C_DO_RCEN                            text23       0016F0
__end_of_I2C_DO_RESET                           text15       0016E4
__end_of_I2C_DO_RX                              text24       0011D4
__end_of_I2C_DO_RX_ACK                          text18       001732
__end_of_I2C_DO_RX_NACK_RESTART                 text16       001722
__end_of_I2C_DO_RX_NACK_STOP                    text17       00172A
__end_of_I2C_DO_SEND_ADR_READ                   text27       0016CA
__end_of_I2C_DO_SEND_ADR_WRITE                  text26       0016BA
__end_of_I2C_DO_SEND_RESTART                    text20       001742
__end_of_I2C_DO_SEND_RESTART_READ               text22       001752
__end_of_I2C_DO_SEND_RESTART_WRITE              text21       00174A
__end_of_I2C_DO_SEND_STOP                       text19       00173A
__end_of_I2C_DO_TX                              text25       00112C
__end_of_I2C_DO_TX_EMPTY                        text29       0012E0
__end_of_I2C_MasterClearIrq                     text53       001792
__end_of_I2C_MasterClose                        text52       00178E
__end_of_I2C_MasterDisableIrq                   text51       00178A
__end_of_I2C_MasterEnableRestart                text48       001782
__end_of_I2C_MasterFsm                          text13       0013B2
__end_of_I2C_MasterGetRxData                    text34       00176E
__end_of_I2C_MasterIsNack                       text31       001688
__end_of_I2C_MasterOpen                         text9        001626
__end_of_I2C_MasterOperation                    text10       00145C
__end_of_I2C_MasterSendAck                      text33       001760
__end_of_I2C_MasterSendNack                     text35       001766
__end_of_I2C_MasterSendTxData                   text32       00175A
__end_of_I2C_MasterSetIrq                       text30       00176A
__end_of_I2C_MasterStart                        text49       001786
__end_of_I2C_MasterStartRx                      text36       001772
__end_of_I2C_MasterStop                         text47       00177E
__end_of_I2C_MasterWaitForEvent                 text12       0016AA
__end_of_I2C_Open                               text8        001262
__end_of_I2C_Poller                             text11       001644
__end_of_I2C_SetBuffer                          text46       001604
__end_of_I2C_SetCallback                        text45       001418
__end_of_I2C_SetDataCompleteCallback            text44       001674
__end_of_OSCILLATOR_Initialize                  text3        00169A
__end_of_PIN_MANAGER_Initialize                 text2        0015E0
__end_of_SYSTEM_Initialize                      text1        0016D8
__end_of__initialization                        cinit        001652
__end_of_i2c_fsmStateTable                      smallconst   000F21
__end_of_main                                   text0        001064
__end_of_rd1RegCompleteHandler                  text42       001560
__end_of_rd2RegCompleteHandler                  text41       001534
__end_of_rdBlkRegCompleteHandler                text39       00149E
__end_of_wr1RegCompleteHandler                  text40       001508
__end_of_wr2RegCompleteHandler                  text43       00158C
__initialization                                cinit        001644
__mediumconst                                   mediumconst  000000
__pbssBANK0                                     bssBANK0     000060
__pbssCOMRAM                                    bssCOMRAM    000056
__pcinit                                        cinit        001644
__pcstackCOMRAM                                 cstackCOMRAM 000001
__pnvCOMRAM                                     nvCOMRAM     000050
__psmallconst                                   smallconst   000F00
__ptext0                                        text0        000F22
__ptext1                                        text1        0016CA
__ptext10                                       text10       001418
__ptext11                                       text11       001626
__ptext12                                       text12       00169A
__ptext13                                       text13       00134C
__ptext14                                       text14       0012E0
__ptext15                                       text15       0016D8
__ptext16                                       text16       00171A
__ptext17                                       text17       001722
__ptext18                                       text18       00172A
__ptext19                                       text19       001732
__ptext2                                        text2        0015B8
__ptext20                                       text20       00173A
__ptext21                                       text21       001742
__ptext22                                       text22       00174A
__ptext23                                       text23       0016E4
__ptext24                                       text24       00112C
__ptext25                                       text25       001064
__ptext26                                       text26       0016AA
__ptext27                                       text27       0016BA
__ptext28                                       text28       0016F0
__ptext29                                       text29       001262
__ptext3                                        text3        001688
__ptext30                                       text30       001766
__ptext31                                       text31       001674
__ptext32                                       text32       001752
__ptext33                                       text33       00175A
__ptext34                                       text34       00176A
__ptext35                                       text35       001760
__ptext36                                       text36       00176E
__ptext37                                       text37       001772
__ptext38                                       text38       001776
__ptext39                                       text39       00145C
__ptext4                                        text4        00149E
__ptext40                                       text40       0014DC
__ptext41                                       text41       001508
__ptext42                                       text42       001534
__ptext43                                       text43       001560
__ptext44                                       text44       00165C
__ptext45                                       text45       0013B2
__ptext46                                       text46       0015E0
__ptext47                                       text47       00177A
__ptext48                                       text48       00177E
__ptext49                                       text49       001782
__ptext5                                        text5        0016FC
__ptext50                                       text50       00158C
__ptext51                                       text51       001786
__ptext52                                       text52       00178A
__ptext53                                       text53       00178E
__ptext54                                       text54       000000
__ptext6                                        text6        001706
__ptext7                                        text7        001710
__ptext8                                        text8        0011D4
__ptext9                                        text9        001604
__ramtop                                        ramtop       000F00
__smallconst                                    smallconst   000F00
_eusart1RxLastError                             bssCOMRAM    000056
_i2c_fsmStateTable                              smallconst   000F01
_main                                           text0        000F22
_rd1RegCompleteHandler                          text42       001534
_rd2RegCompleteHandler                          text41       001508
_rdBlkRegCompleteHandler                        text39       00145C
_wr1RegCompleteHandler                          text40       0014DC
_wr2RegCompleteHandler                          text43       001560
end_of_initialization                           cinit        001652
intlevel0                                       text         000000
intlevel1                                       text         000000
intlevel2                                       text         000000
intlevel3                                       text         000000
isa$std                                         (abs)        000001
isa$xinst                                       (abs)        000000
main@addr                                       cstackCOMRAM 00003C
main@message                                    cstackCOMRAM 000028
main@read                                       cstackCOMRAM 000014
rd1RegCompleteHandler@ptr                       cstackCOMRAM 00000A
rd2RegCompleteHandler@ptr                       cstackCOMRAM 00000A
rdBlkRegCompleteHandler@ptr                     cstackCOMRAM 00000A
stackhi                                         (abs)        000000
stacklo                                         (abs)        000000
start                                           init         000000
start_initialization                            cinit        001644
wr1RegCompleteHandler@ptr                       cstackCOMRAM 00000A
wr2RegCompleteHandler@ptr                       cstackCOMRAM 00000A


MODULE INFORMATION

Module		Function		Class		Link	Load	Size
mcc_generated_files/examples/i2c_master_example.c
		_wr1RegCompleteHandler		CODE           	14DC	0000	44
		_wr2RegCompleteHandler		CODE           	1560	0000	44
		_rdBlkRegCompleteHandler		CODE           	145C	0000	66
		_rd1RegCompleteHandler		CODE           	1534	0000	44
		_rd2RegCompleteHandler		CODE           	1508	0000	44

mcc_generated_files/examples/i2c_master_example.c estimated size: 242

mcc_generated_files/pin_manager.c
		_PIN_MANAGER_Initialize		CODE           	15B8	0000	40

mcc_generated_files/pin_manager.c estimated size: 40

shared
		__initialization		CODE           	1644	0000	14
		_i2c_fsmStateTable		SMALLCONST     	0F01	0000	32

shared estimated size: 46

mcc_generated_files/eusart1.c
		_EUSART1_Initialize		CODE           	149E	0000	62
		_EUSART1_SetFramingErrorHandler		CODE           	1706	0000	10
		_EUSART1_SetOverrunErrorHandler		CODE           	16FC	0000	10
		_EUSART1_SetErrorHandler		CODE           	1710	0000	10

mcc_generated_files/eusart1.c estimated size: 92

mcc_generated_files/mcc.c
		_OSCILLATOR_Initialize		CODE           	1688	0000	18
		_SYSTEM_Initialize		CODE           	16CA	0000	14

mcc_generated_files/mcc.c estimated size: 32

mcc_generated_files/i2c_master.c
		_I2C_Close     		CODE           	158C	0000	44
		_I2C_MasterStartRx		CODE           	176E	0000	4
		_I2C_DO_SEND_ADR_WRITE		CODE           	16AA	0000	16
		_I2C_MasterWaitForEvent		CODE           	169A	0000	16
		_I2C_DO_SEND_STOP		CODE           	1732	0000	8
		_I2C_MasterSendNack		CODE           	1760	0000	6
		_I2C_MasterDisableIrq		CODE           	1786	0000	4
		_I2C_CallbackReturnStop		CODE           	1776	0000	4
		_I2C_MasterOperation		CODE           	1418	0000	68
		_I2C_DO_SEND_ADR_READ		CODE           	16BA	0000	16
		_I2C_DO_RX_NACK_STOP		CODE           	1722	0000	8
		_I2C_DO_SEND_RESTART		CODE           	173A	0000	8
		_I2C_DO_RX     		CODE           	112C	0000	168
		_I2C_DO_TX     		CODE           	1064	0000	200
		_I2C_DO_IDLE   		CODE           	16F0	0000	12
		_I2C_DO_RCEN   		CODE           	16E4	0000	12
		_I2C_Poller    		CODE           	1626	0000	30
		_I2C_DO_RESET  		CODE           	16D8	0000	12
		_I2C_MasterClose		CODE           	178A	0000	4
		_I2C_DO_RX_ACK 		CODE           	172A	0000	8
		_I2C_MasterStart		CODE           	1782	0000	4
		_I2C_MasterClearIrq		CODE           	178E	0000	4
		_I2C_MasterGetRxData		CODE           	176A	0000	4
		_I2C_SetCallback		CODE           	13B2	0000	102
		_I2C_DO_ADDRESS_NACK		CODE           	12E0	0000	108
		_I2C_MasterEnableRestart		CODE           	177E	0000	4
		_I2C_CallbackReturnReset		CODE           	1772	0000	4
		_I2C_Open      		CODE           	11D4	0000	142
		_I2C_DO_TX_EMPTY		CODE           	1262	0000	126
		_I2C_DO_SEND_RESTART_WRITE		CODE           	1742	0000	8
		_I2C_MasterIsNack		CODE           	1674	0000	20
		_I2C_SetDataCompleteCallback		CODE           	165C	0000	24
		_I2C_DO_RX_NACK_RESTART		CODE           	171A	0000	8
		_I2C_MasterSendAck		CODE           	175A	0000	6
		_I2C_MasterFsm 		CODE           	134C	0000	102
		_I2C_MasterSetIrq		CODE           	1766	0000	4
		_I2C_DO_SEND_RESTART_READ		CODE           	174A	0000	8
		_I2C_SetBuffer 		CODE           	15E0	0000	36
		_I2C_MasterOpen		CODE           	1604	0000	34
		_I2C_MasterSendTxData		CODE           	1752	0000	8
		_I2C_MasterStop		CODE           	177A	0000	4

mcc_generated_files/i2c_master.c estimated size: 1408

main.c
		_main          		CODE           	0F22	0000	322

main.c estimated size: 322

